Le fichier de sortie n'est pas un .dot
Usage : analog [-e [-g outputFile.dot [-t heure]]] file
