Le fichier exists.dot existe déjà, voulez vous l'écraser? (y/n)
Work in progress...
1 : /SiteWebIF/Intranet-etudiant.php 10426
2 : /notesif/ 4437
3 : /temps/style_emploi_du_temps.css 4415
4 : /temps/FondInsa.jpg 4267
5 : /temps/suivant.gif 4198
6 : /temps/choix.gif 4191
7 : /temps/precedent.gif 4154
8 : /temps/InsaIF.ico 3068
9 : /temps/ 2797
10 : /temps/3IF1.ics 2165
