Le fichier ../../logs/inexistant.log n'existe pas
