Work in progress...
1 : /SiteWebIF/Intranet-etudiant.php 808
2 : /temps/style_emploi_du_temps.css 273
3 : /temps/FondInsa.jpg 265
4 : /temps/choix.gif 256
5 : /temps/suivant.gif 255
6 : /temps/precedent.gif 253
7 : /notesif/ 235
8 : /temps/ 208
9 : /temps/InsaIF.ico 182
10 : /stages/bandeauFinal.jpg 148
