Le fichier exists.dot existe déjà, voulez vous l'écraser? (y/n)
