Usage : analog [-e [-g outputFile.dot [-t heure]]] file
