Work in progress...
1 : /SiteWebIF/Intranet-etudiant.php 10426
2 : /notesif/ 4437
3 : /temps/ 2797
4 : /temps/3IF1.ics 2165
5 : /temps/4IF39.html 1865
6 : /temps/3IF39.html 1738
7 : /temps/4IF38.html 1565
8 : /temps/4IF1.ics 1270
9 : /temps/4IF40.html 1203
10 : /temps/5IF39.html 1177
