Work in progress...
1 : /SiteWebIF/Intranet-etudiant.php 808
2 : /notesif/ 235
3 : /temps/ 208
4 : /temps/3IF39.html 129
5 : /temps/4IF39.html 114
6 : /temps/3IF1.ics 101
7 : /temps/4IF1.ics 94
8 : /temps/4IF38.html 90
9 : /temps/3IF38.html 88
10 : /temps/4IF40.html 73
